None of PyTorch, TensorFlow >= 2.0, or Flax have been found. Models won't be available and only tokenizers, configuration and file/data utilities can be used.
INFO:     Started server process [4804]
INFO:     Waiting for application startup.
INFO:     Application startup complete.
INFO:     Uvicorn running on http://0.0.0.0:8000 (Press CTRL+C to quit)
INFO:     127.0.0.1:61978 - "POST /api/management/files HTTP/1.1" 200 OK
INFO:chromadb.telemetry.product.posthog:Anonymized telemetry enabled. See                     https://docs.trychroma.com/telemetry for more information.
INFO:     Finished load index from vector store.
INFO:     Creating chat engine with filters: filters=[MetadataFilter(key='private', value='true', operator=<FilterOperator.NE: '!='>)] condition=<FilterCondition.AND: 'and'>
INFO:     Finished load index from vector store.
WARNING:  从向量库重建节点失败，BM25 路降级: 'ChromaVectorStore' object has no attribute '_chroma_collection'
INFO:     127.0.0.1:61979 - "POST /api/chat HTTP/1.1" 200 OK
INFO:llama_index.core.chat_engine.condense_plus_context:Condensed question: X1 咖啡机保修几年？
INFO:httpx:HTTP Request: POST https://open.bigmodel.cn/api/paas/v4/embeddings "HTTP/1.1 200 OK"
INFO:httpx:HTTP Request: POST https://open.bigmodel.cn/api/paas/v4/chat/completions "HTTP/1.1 200 OK"
INFO:     The stream has been stopped!
INFO:     Finished load index from vector store.
INFO:     Creating chat engine with filters: filters=[MetadataFilter(key='private', value='true', operator=<FilterOperator.NE: '!='>)] condition=<FilterCondition.AND: 'and'>
INFO:     Finished load index from vector store.
WARNING:  从向量库重建节点失败，BM25 路降级: 'ChromaVectorStore' object has no attribute '_chroma_collection'
INFO:     127.0.0.1:61988 - "POST /api/chat HTTP/1.1" 200 OK
INFO:llama_index.core.chat_engine.condense_plus_context:Condensed question: X2 和 X1 哪个预热更快？
INFO:httpx:HTTP Request: POST https://open.bigmodel.cn/api/paas/v4/embeddings "HTTP/1.1 200 OK"
INFO:httpx:HTTP Request: POST https://open.bigmodel.cn/api/paas/v4/chat/completions "HTTP/1.1 200 OK"
INFO:     The stream has been stopped!
INFO:     Finished load index from vector store.
INFO:     Creating chat engine with filters: filters=[MetadataFilter(key='private', value='true', operator=<FilterOperator.NE: '!='>)] condition=<FilterCondition.AND: 'and'>
INFO:     Finished load index from vector store.
WARNING:  从向量库重建节点失败，BM25 路降级: 'ChromaVectorStore' object has no attribute '_chroma_collection'
INFO:     127.0.0.1:61989 - "POST /api/chat HTTP/1.1" 200 OK
INFO:llama_index.core.chat_engine.condense_plus_context:Condensed question: 买的咖啡机不满意能退吗？
INFO:httpx:HTTP Request: POST https://open.bigmodel.cn/api/paas/v4/embeddings "HTTP/1.1 200 OK"
INFO:httpx:HTTP Request: POST https://open.bigmodel.cn/api/paas/v4/chat/completions "HTTP/1.1 200 OK"
INFO:     The stream has been stopped!
